// Jest Snapshot v1, https://goo.gl/fbAQLP

exports[`Filter should match a snapshot 1`] = `ShallowWrapper {}`;
