// Jest Snapshot v1, https://goo.gl/fbAQLP

exports[`Overview should match a snapshot 1`] = `ShallowWrapper {}`;
