// Jest Snapshot v1, https://goo.gl/fbAQLP

exports[`App: Map Dispatch and StateTo Props should map snapshot 1`] = `ShallowWrapper {}`;

exports[`App: Map Dispatch and StateTo Props should map snapshot 2`] = `ShallowWrapper {}`;
